// Jest Snapshot v1, https://goo.gl/fbAQLP

exports[`CreatePairSubmit.vue should renders correctly 1`] = `
<s-dialog
  borderradius="medium"
  class="dialog-wrapper"
  customclass=""
  title="Transaction submitted"
  top="80px"
  visible="true"
  width="496px"
>
   
  <template />
</s-dialog>
`;
