// Jest Snapshot v1, https://goo.gl/fbAQLP

exports[`DialogBase.vue should renders correctly 1`] = `
<s-dialog
  border-radius="medium"
  class="dialog-wrapper"
  custom-class="custom-dialog-class"
  title="Dialog title"
  top="80px"
  width="496px"
>
   
  <template />
</s-dialog>
`;
