// Jest Snapshot v1, https://goo.gl/fbAQLP

exports[`InfoCard.vue should renders correctly 1`] = `
<div
  class="card"
>
  <!---->
   
</div>
`;
