// Jest Snapshot v1, https://goo.gl/fbAQLP

exports[`TokenLogo.vue should renders correctly 1`] = `
<div
  class="pair-logo pair-logo--mini"
>
  <!---->
   
  <!---->
</div>
`;
