// Jest Snapshot v1, https://goo.gl/fbAQLP

exports[`ResultDialog.vue should renders correctly 1`] = `
<dialog-base-stub
  customclass=""
  title="Transaction submitted"
>
  <s-icon-stub
    name="arrow-top-right-rounded"
  />
   
  <s-divider-stub
    contentposition="center"
    direction="horizontal"
    type="secondary"
  />
   
  <div
    class="transaction"
  >
    <!---->
     
    <!---->
  </div>
   
  <s-divider-stub
    contentposition="center"
    direction="horizontal"
    type="secondary"
  />
</dialog-base-stub>
`;
