// Jest Snapshot v1, https://goo.gl/fbAQLP

exports[`SelectToken.vue should renders correctly 1`] = `
<dialog-base-stub
  customclass="token-select"
  title="Select a token"
>
  <s-input-stub
    accept=""
    autocomplete="off"
    borderradius="mini"
    class="token-search"
    form=""
    label=""
    name=""
    placeholder=""
    prefix="el-icon-search"
    size="medium"
    suffix=""
    tabindex=""
    type="text"
    value=""
  />
   
  <div
    class="token-list"
  >
    <div
      class="token-item"
    >
      <s-col-stub
        offset="0"
        pull="0"
        push="0"
        span="12"
      >
        <s-row-stub
          align="middle"
          flex="true"
          gutter="0"
          justify="start"
        >
          <!---->
           
          <div>
            <div
              class="token-item__name"
            >
              Sora (XOR)
            </div>
          </div>
        </s-row-stub>
      </s-col-stub>
       
      <div>
        <span
          class="token-item__amount"
        >
          -
        </span>
      </div>
    </div>
    <div
      class="token-item"
    >
      <s-col-stub
        offset="0"
        pull="0"
        push="0"
        span="12"
      >
        <s-row-stub
          align="middle"
          flex="true"
          gutter="0"
          justify="start"
        >
          <!---->
           
          <div>
            <div
              class="token-item__name"
            >
              Kusama (KSM)
            </div>
          </div>
        </s-row-stub>
      </s-col-stub>
       
      <div>
        <span
          class="token-item__amount"
        >
          -
        </span>
      </div>
    </div>
    <div
      class="token-item"
    >
      <s-col-stub
        offset="0"
        pull="0"
        push="0"
        span="12"
      >
        <s-row-stub
          align="middle"
          flex="true"
          gutter="0"
          justify="start"
        >
          <!---->
           
          <div>
            <div
              class="token-item__name"
            >
              Kusama (KSM1)
            </div>
          </div>
        </s-row-stub>
      </s-col-stub>
       
      <div>
        <span
          class="token-item__amount"
        >
          -
        </span>
      </div>
    </div>
    <div
      class="token-item"
    >
      <s-col-stub
        offset="0"
        pull="0"
        push="0"
        span="12"
      >
        <s-row-stub
          align="middle"
          flex="true"
          gutter="0"
          justify="start"
        >
          <!---->
           
          <div>
            <div
              class="token-item__name"
            >
              Kusama (KSM2)
            </div>
          </div>
        </s-row-stub>
      </s-col-stub>
       
      <div>
        <span
          class="token-item__amount"
        >
          -
        </span>
      </div>
    </div>
    <div
      class="token-item"
    >
      <s-col-stub
        offset="0"
        pull="0"
        push="0"
        span="12"
      >
        <s-row-stub
          align="middle"
          flex="true"
          gutter="0"
          justify="start"
        >
          <!---->
           
          <div>
            <div
              class="token-item__name"
            >
              Kusama (KSM3)
            </div>
          </div>
        </s-row-stub>
      </s-col-stub>
       
      <div>
        <span
          class="token-item__amount"
        >
          -
        </span>
      </div>
    </div>
    <div
      class="token-item"
    >
      <s-col-stub
        offset="0"
        pull="0"
        push="0"
        span="12"
      >
        <s-row-stub
          align="middle"
          flex="true"
          gutter="0"
          justify="start"
        >
          <!---->
           
          <div>
            <div
              class="token-item__name"
            >
              Kusama (KSM4)
            </div>
          </div>
        </s-row-stub>
      </s-col-stub>
       
      <div>
        <span
          class="token-item__amount"
        >
          -
        </span>
      </div>
    </div>
    <div
      class="token-item"
    >
      <s-col-stub
        offset="0"
        pull="0"
        push="0"
        span="12"
      >
        <s-row-stub
          align="middle"
          flex="true"
          gutter="0"
          justify="start"
        >
          <!---->
           
          <div>
            <div
              class="token-item__name"
            >
              Kusama (KSM5)
            </div>
          </div>
        </s-row-stub>
      </s-col-stub>
       
      <div>
        <span
          class="token-item__amount"
        >
          -
        </span>
      </div>
    </div>
    <div
      class="token-item"
    >
      <s-col-stub
        offset="0"
        pull="0"
        push="0"
        span="12"
      >
        <s-row-stub
          align="middle"
          flex="true"
          gutter="0"
          justify="start"
        >
          <!---->
           
          <div>
            <div
              class="token-item__name"
            >
              Kusama (KSM6)
            </div>
          </div>
        </s-row-stub>
      </s-col-stub>
       
      <div>
        <span
          class="token-item__amount"
        >
          -
        </span>
      </div>
    </div>
    <div
      class="token-item"
    >
      <s-col-stub
        offset="0"
        pull="0"
        push="0"
        span="12"
      >
        <s-row-stub
          align="middle"
          flex="true"
          gutter="0"
          justify="start"
        >
          <!---->
           
          <div>
            <div
              class="token-item__name"
            >
              Kusama (KSM7)
            </div>
          </div>
        </s-row-stub>
      </s-col-stub>
       
      <div>
        <span
          class="token-item__amount"
        >
          -
        </span>
      </div>
    </div>
    <div
      class="token-item"
    >
      <s-col-stub
        offset="0"
        pull="0"
        push="0"
        span="12"
      >
        <s-row-stub
          align="middle"
          flex="true"
          gutter="0"
          justify="start"
        >
          <!---->
           
          <div>
            <div
              class="token-item__name"
            >
              Ether (ETH)
            </div>
          </div>
        </s-row-stub>
      </s-col-stub>
       
      <div>
        <span
          class="token-item__amount"
        >
          -
        </span>
      </div>
    </div>
  </div>
</dialog-base-stub>
`;
