// Jest Snapshot v1, https://goo.gl/fbAQLP

exports[`Settings.vue should renders correctly 1`] = `
<dialog-base-stub
  customclass="settings"
  title=""
>
  <div
    class="settings-content"
  >
    <s-divider-stub
      contentposition="center"
      direction="horizontal"
      type="secondary"
    />
     
    <div
      class="slippage-tolerance s-flex"
    >
      <div
        class="slippage-tolerance-default"
      >
        <div
          class="header"
        >
          
          
          
          <s-tooltip-stub
            animation="el-fade-in-linear"
            borderradius="small"
            closedelay="0"
            content=""
            offset="0"
            opendelay="0"
            placement="top"
            showarrow="true"
            tabindex="0"
            theme="dark"
          >
            <s-icon-stub
              class="header-hint"
              name="info"
            />
          </s-tooltip-stub>
        </div>
         
        <s-tabs-stub
          borderradius="small"
          position="top"
          type="rounded"
          value="0.5"
        >
          <s-tab-stub
            label="0.1%"
            name="0.1"
          />
          <s-tab-stub
            label="0.5%"
            name="0.5"
          />
          <s-tab-stub
            label="1%"
            name="1"
          />
        </s-tabs-stub>
      </div>
       
      <div
        class="slippage-tolerance-custom"
      >
        <div
          class="header"
        >
          
        </div>
         
        <s-input-stub
          accept=""
          autocomplete="off"
          borderradius="small"
          class="slippage-tolerance-custom_input"
          form=""
          label=""
          name=""
          placeholder=""
          prefix=""
          size="small"
          suffix=""
          tabindex=""
          type="text"
          value="0.5"
        />
      </div>
    </div>
     
    <s-divider-stub
      contentposition="center"
      direction="horizontal"
      type="secondary"
    />
     
    <div
      class="transaction-deadline"
    >
      <div
        class="header"
      >
        
        
        
        <s-tooltip-stub
          animation="el-fade-in-linear"
          borderradius="small"
          closedelay="0"
          content=""
          offset="0"
          opendelay="0"
          placement="top"
          showarrow="true"
          tabindex="0"
          theme="dark"
        >
          <s-icon-stub
            class="header-hint"
            name="info"
          />
        </s-tooltip-stub>
      </div>
       
      <div
        class="value"
      >
        <div
          class="value-container"
        >
          20 
        </div>
         
        <s-slider-stub
          class="value-slider"
          debounce="300"
          height=""
          inputsize="small"
          isvertical="true"
          label=""
          max="100"
          min="0"
          showinputcontrols="true"
          showtooltip="true"
          step="1"
          tooltipclass=""
          value="20"
        />
      </div>
    </div>
     
    <s-divider-stub
      contentposition="center"
      direction="horizontal"
      type="secondary"
    />
     
    <div
      class="node-address"
    >
      <div
        class="header"
      >
        
        
        
        <s-tooltip-stub
          animation="el-fade-in-linear"
          borderradius="small"
          closedelay="0"
          content=""
          offset="0"
          opendelay="0"
          placement="top"
          showarrow="true"
          tabindex="0"
          theme="dark"
        >
          <s-icon-stub
            class="header-hint"
            name="info"
          />
        </s-tooltip-stub>
      </div>
       
      <div
        class="value"
      >
        <div
          class="value-container"
        >
          <span
            class="value-container_label"
          >
            : 
          </span>
          123.123.1.2
        
        </div>
         
        <div
          class="value-container"
        >
          <span
            class="value-container_label"
          >
            : 
          </span>
          #2323
        
        </div>
      </div>
    </div>
  </div>
</dialog-base-stub>
`;
