// Jest Snapshot v1, https://goo.gl/fbAQLP

exports[`TokenLogo.vue should renders correctly 1`] = `
<span
  class="token-logo token-logo--xor token-logo--medium"
/>
`;
