// Jest Snapshot v1, https://goo.gl/fbAQLP

exports[`Wallet.vue should renders correctly 1`] = `
<div
  class="wallet-container s-flex"
>
  <sora-neo-wallet-stub />
</div>
`;
